test-items:
    - key: team/CREATE_EMPLOYEE
      inputForm: |
          {
            "form":[
              { "key": "firstName", "title": { "en": "First name" }, "type": "string" },
              { "key": "lastName", "title": { "en": "Last name" }, "type": "string" },
              { "key": "email", "title": {"en": "Email" }, "type": "string" }
            ],
            "prop":{
                "hideNameAndDescription":true
            }
          }
forms:
    - key: employeeForm
      value: |-
          [
              { "key": "firstName", "title": { "en": "First name" }, "type": "string" },
              { "key": "lastName", "title": { "en": "Last name" }, "type": "string" },
              { "key": "email", "title": {"en": "Email" }, "type": "string" }
          ]
