test-items:
    - key: team/CREATE_EMPLOYEE
      inputForm: |
          {
            "form": [
              { "key": "employeeName", "title": { "en": "First name" }, "type": "string" },
              { "key": "employeeLastName", "title": { "en": "Last name" }, "type": "string" },
              { "key": "employeeEmail", "title": {"en": "Email" }, "type": "string" },
              { "key": "phoneNumber", "title": {"en": "Email" }, "type": "string" },
              { "key": "age", "title": {"en": "Email" }, "type": "string" }
            ],
            "prop": {
              "hideNameAndDescription": true
            }
          }

forms:
    - key: employeeForm
      ref: json-forms/employeeForm.json
