---
test-items:
  - key: store/GET-EMPLOYEES-AGE
    inputSpec: |
        {
          "$schema":"http://json-schema.org/draft-07/schema#",
          "type":"object",
          "properties":{
              "employeesInfo":{
                  "type":"array",
                  "items":{
                      "type":"object",
                      "properties":{
                          "employeeInfo":{
                              "$ref":"#/xmDefinition/employeeInfo"
                          }
                      }
                  }
              },
              "location":{
                  "$ref":"#/xmDefinition/address"
              }
          },
          "required":[
              "employeesInfo"
          ],
          "xmDefinition":{
              "address":{
                  "type":"object",
                  "properties":{
                      "address":{
                          "type":"string"
                      },
                      "geoAddress":{
                          "$ref":"#/xmDefinition/geoAddress"
                      },
                      "formattedAddress":{
                          "type":"string"
                      }
                  }
              },
              "geoAddress":{
                  "type":"object",
                  "properties":{
                      "location":{
                          "lat":{
                              "type":"number"
                          },
                          "lng":{
                              "type":"number"
                          }
                      },
                      "place_id":{
                          "type":"string"
                      },
                      "utcOffset":{
                          "type":"integer"
                      },
                      "components":{
                          "type":"object"
                      }
                  }
              },
              "employeeInfo":{
                  "$schema":"http://json-schema.org/draft-07/schema#",
                  "type":"object",
                  "properties":{
                      "storeName":{
                          "type":"string"
                      },
                      "info":{
                          "$ref":"#/xmDefinition/userInfo"
                      }
                  }
              },
              "userInfo":{
                  "$schema":"http://json-schema.org/draft-07/schema#",
                  "type":"object",
                  "properties":{
                      "username":{
                          "type":"string"
                      },
                      "phoneNumber":{
                          "type":"string"
                      },
                      "age":{
                          "type":"number"
                      }
                  }
              }
          }
        }
definitions:
  - key: address
    ref: json-definitions/address.json
  - key: geoAddress
    ref: json-definitions/geoAddress.json
  - key: employeeInfo
    value: |-
      {
        "$schema": "http://json-schema.org/draft-07/schema#",
        "type": "object",
        "properties": {
          "storeName": {
            "type": "string"
          },
          "info": {
            "$ref": "#/xmDefinition/userInfo"
          }
        }
      }
  - key: userInfo
    value: |-
      {
        "$schema": "http://json-schema.org/draft-07/schema#",
        "type": "object",
        "properties": {
          "username": {
            "type": "string"
          },
          "phoneNumber": {
            "type": "string"
          },
          "age": {
            "type": "number"
          }
        }
      }
