test-items:
    - key: team/CREATE_EMPLOYEE
      inputSpec: |
          {
            "type": "object",
            "properties": {
              "uaa": {
                "$ref": "#/xmDefinition/create/Employee2"
              }
            },
            "xmDefinition": {
              "create": {
                "Employee2": {
                  "type": "object",
                  "properties": {
                    "success": {
                      "type": "boolean"
                    }
                  }
                }
              }
            }
          }

definitions:
    - key: create
      value: |-
          {
            "Employee2": {
              "type": "object",
              "properties": {
                "success": {
                  "type": "boolean"
                }
              }
            }
          }
